cat checklist.md
# Following the checklist saves the reviewers' time and gets your PR reviewed faster.

# Self Review
Have you reviewed every line of your changes by yourself?

# Test
Have you added enough test cases to cover the new feature or bug fix?
Also, add comments to describe your test cases.

# Naming
Do function names keep consistent with its behavior?
Is it easy to infer the function's behavior by its name?

# Comment
Is there any code that confuses the reviewer?
Add comments on them! You'll be asked to do so anyway.
Make sure there is no syntax or spelling error in your comments.
Some online syntax checking tools like Grammarly may be helpful.

# Refactor
Is there any way to refactor the code to make it more readable?
If the refactoring touches a lot of existing code, send another PR to do it.

# Single Purpose
Make sure the PR does only one thing and nothing else.

# Diff Size
Make sure the diff size is no more than 500, split it into small PRs if it is too large.
Running in native mode.
ok  	github.com/pingcap/tidb/ast	(cached)	coverage: 77.6% of statements
	github.com/pingcap/tidb/cmd/benchdb		coverage: 0.0% of statements
	github.com/pingcap/tidb/cmd/benchfilesort		coverage: 0.0% of statements
	github.com/pingcap/tidb/cmd/benchkv		coverage: 0.0% of statements
	github.com/pingcap/tidb/cmd/benchraw		coverage: 0.0% of statements
ok  	github.com/pingcap/tidb/cmd/importer	(cached)	coverage: 1.5% of statements
ok  	github.com/pingcap/tidb/config	(cached)	coverage: 14.3% of statements
ok  	github.com/pingcap/tidb/ddl	(cached)	coverage: 78.3% of statements
	github.com/pingcap/tidb/ddl/util		coverage: 0.0% of statements
ok  	github.com/pingcap/tidb/distsql	(cached)	coverage: 70.1% of statements
ok  	github.com/pingcap/tidb/domain	0.159s	coverage: 44.7% of statements
ok  	github.com/pingcap/tidb/executor	(cached)	coverage: 83.2% of statements
ok  	github.com/pingcap/tidb/expression	(cached)	coverage: 72.1% of statements
ok  	github.com/pingcap/tidb/expression/aggregation	(cached)	coverage: 63.9% of statements
ok  	github.com/pingcap/tidb/infoschema	(cached)	coverage: 48.4% of statements
ok  	github.com/pingcap/tidb/kv	(cached)	coverage: 73.3% of statements
ok  	github.com/pingcap/tidb/meta	(cached)	coverage: 79.9% of statements
ok  	github.com/pingcap/tidb/meta/autoid	(cached)	coverage: 76.1% of statements
ok  	github.com/pingcap/tidb/metrics	(cached)	coverage: 90.8% of statements
ok  	github.com/pingcap/tidb/model	(cached)	coverage: 75.3% of statements
ok  	github.com/pingcap/tidb/mysql	(cached)	coverage: 48.2% of statements
ok  	github.com/pingcap/tidb/owner	(cached)	coverage: 24.0% of statements
ok  	github.com/pingcap/tidb/parser	(cached)	coverage: 83.2% of statements
	github.com/pingcap/tidb/parser/goyacc		coverage: 0.0% of statements
ok  	github.com/pingcap/tidb/parser/opcode	(cached)	coverage: 100.0% of statements
ok  	github.com/pingcap/tidb/perfschema	(cached)	coverage: 87.2% of statements
ok  	github.com/pingcap/tidb/plan	(cached)	coverage: 81.0% of statements
	github.com/pingcap/tidb/privilege		coverage: 0.0% of statements
ok  	github.com/pingcap/tidb/privilege/privileges	(cached)	coverage: 76.1% of statements
ok  	github.com/pingcap/tidb/server	(cached)	coverage: 63.2% of statements
ok  	github.com/pingcap/tidb/session	(cached)	coverage: 82.5% of statements
	github.com/pingcap/tidb/sessionctx		coverage: 0.0% of statements
ok  	github.com/pingcap/tidb/sessionctx/binloginfo	(cached)	coverage: 80.3% of statements
	github.com/pingcap/tidb/sessionctx/stmtctx		coverage: 0.0% of statements
ok  	github.com/pingcap/tidb/sessionctx/variable	(cached)	coverage: 39.4% of statements
ok  	github.com/pingcap/tidb/statistics	(cached)	coverage: 87.2% of statements
ok  	github.com/pingcap/tidb/store	(cached)	coverage: [no statements]
	github.com/pingcap/tidb/store/mockoracle		coverage: 0.0% of statements
	github.com/pingcap/tidb/store/mockstore		coverage: 0.0% of statements
ok  	github.com/pingcap/tidb/store/mockstore/mocktikv	(cached)	coverage: 29.5% of statements
	github.com/pingcap/tidb/store/tikv/oracle		coverage: 0.0% of statements
	github.com/pingcap/tidb/store/tikv/tikvrpc		coverage: 0.0% of statements
	github.com/pingcap/tidb/tidb-server		coverage: 0.0% of statements
?   	github.com/pingcap/tidb/util/sqlexec	[no test files]
	github.com/pingcap/tidb/util/schemautil		coverage: 0.0% of statements
	github.com/pingcap/tidb/util/testleak		coverage: 0.0% of statements
	github.com/pingcap/tidb/x-server		coverage: 0.0% of statements
ok  	github.com/pingcap/tidb/store/tikv	19.846s	coverage: 72.1% of statements
ok  	github.com/pingcap/tidb/store/tikv/gcworker	(cached)	coverage: 50.1% of statements
ok  	github.com/pingcap/tidb/store/tikv/latch	(cached)	coverage: 94.4% of statements
ok  	github.com/pingcap/tidb/store/tikv/oracle/oracles	(cached)	coverage: 21.0% of statements
ok  	github.com/pingcap/tidb/structure	(cached)	coverage: 82.9% of statements
ok  	github.com/pingcap/tidb/table	(cached)	coverage: 83.8% of statements
ok  	github.com/pingcap/tidb/table/tables	(cached)	coverage: 70.8% of statements
ok  	github.com/pingcap/tidb/tablecodec	(cached)	coverage: 58.8% of statements
ok  	github.com/pingcap/tidb/terror	(cached)	coverage: 77.8% of statements
ok  	github.com/pingcap/tidb/types	(cached)	coverage: 78.5% of statements
ok  	github.com/pingcap/tidb/types/json	(cached)	coverage: 81.1% of statements
ok  	github.com/pingcap/tidb/util	(cached)	coverage: 56.4% of statements
ok  	github.com/pingcap/tidb/util/admin	(cached)	coverage: 80.6% of statements
ok  	github.com/pingcap/tidb/util/arena	(cached)	coverage: 100.0% of statements
ok  	github.com/pingcap/tidb/util/auth	(cached)	coverage: 0.0% of statements [no tests to run]
ok  	github.com/pingcap/tidb/util/charset	(cached)	coverage: 61.8% of statements
ok  	github.com/pingcap/tidb/util/chunk	(cached)	coverage: 82.1% of statements
ok  	github.com/pingcap/tidb/util/codec	(cached)	coverage: 75.0% of statements
ok  	github.com/pingcap/tidb/util/disjointset	(cached)	coverage: 100.0% of statements
ok  	github.com/pingcap/tidb/util/encrypt	(cached)	coverage: 94.0% of statements
ok  	github.com/pingcap/tidb/util/execdetails	(cached)	coverage: 100.0% of statements
ok  	github.com/pingcap/tidb/util/filesort	(cached)	coverage: 84.0% of statements
ok  	github.com/pingcap/tidb/util/format	(cached)	coverage: 70.9% of statements
ok  	github.com/pingcap/tidb/util/goroutine_pool	(cached)	coverage: 100.0% of statements
ok  	github.com/pingcap/tidb/util/hack	(cached)	coverage: 92.3% of statements
ok  	github.com/pingcap/tidb/util/kvcache	(cached)	coverage: 54.3% of statements
ok  	github.com/pingcap/tidb/util/kvencoder	(cached)	coverage: 73.8% of statements
ok  	github.com/pingcap/tidb/util/logutil	0.004s	coverage: 75.8% of statements
ok  	github.com/pingcap/tidb/util/memory	(cached)	coverage: 82.9% of statements
ok  	github.com/pingcap/tidb/util/mock	(cached)	coverage: 9.5% of statements
ok  	github.com/pingcap/tidb/util/mvmap	(cached)	coverage: 86.6% of statements
ok  	github.com/pingcap/tidb/util/printer	(cached)	coverage: 73.6% of statements
ok  	github.com/pingcap/tidb/util/ranger	(cached)	coverage: 81.1% of statements
ok  	github.com/pingcap/tidb/util/stringutil	(cached)	coverage: 100.0% of statements
ok  	github.com/pingcap/tidb/util/systimemon	(cached)	coverage: 100.0% of statements
ok  	github.com/pingcap/tidb/util/testkit	(cached)	coverage: 6.5% of statements
ok  	github.com/pingcap/tidb/util/testutil	(cached)	coverage: 46.5% of statements
gofmt (simplify)
cd tools/check; \
GO111MODULE=on go build -o ../bin/errcheck github.com/kisielk/errcheck
errcheck
GO111MODULE=on go build -o ./bin/revive github.com/mgechev/revive
linting
CGO_ENABLED=0 GO111MODULE=on go build   -ldflags '-X "github.com/pingcap/tidb/mysql.TiDBReleaseVersion=v2.0.11-50-g91b7699c11-dirty" -X "github.com/pingcap/tidb/util/printer.TiDBBuildTS=2025-02-24 03:41:42" -X "github.com/pingcap/tidb/util/printer.TiDBGitHash=91b7699c1104084ab5eecdf22609cbeabed4d696" -X "github.com/pingcap/tidb/util/printer.TiDBGitBranch=release-2.0" -X "github.com/pingcap/tidb/util/printer.GoVersion=go version go1.23.2 linux/amd64"' -o bin/tidb-server tidb-server/main.go
CGO_ENABLED=0 GO111MODULE=on go build  -ldflags '-X "github.com/pingcap/tidb/mysql.TiDBReleaseVersion=v2.0.11-50-g91b7699c11-dirty" -X "github.com/pingcap/tidb/util/printer.TiDBBuildTS=2025-02-24 03:41:51" -X "github.com/pingcap/tidb/util/printer.TiDBGitHash=91b7699c1104084ab5eecdf22609cbeabed4d696" -X "github.com/pingcap/tidb/util/printer.TiDBGitBranch=release-2.0" -X "github.com/pingcap/tidb/util/printer.GoVersion=go version go1.23.2 linux/amd64"' -o bin/benchkv cmd/benchkv/main.go
